Code with transformations:
x = 1
x = 1 + 1
x = 1 - 1 - 1
x = 1 - 1 + 1 - 1 + 1

--------------------------------------------------------------------------------
AST:
program
├── file: SourceFile
│   └── filename: "tests/testdata/language/additive_ops.py"
└── statements: MultipleStatementAST
    └── statements
        ├── 0: AssignmentStatementAST
        │   ├── targets
        │   │   └── 0: NameLiteralExpressionAST
        │   │       └── value: "x"
        │   ├── type: None
        │   ├── operator: "="
        │   └── values
        │       └── 0: NumberLiteralExpressionAST
        │           └── value: 1
        ├── 1: AssignmentStatementAST
        │   ├── targets
        │   │   └── 0: NameLiteralExpressionAST
        │   │       └── value: "x"
        │   ├── type: None
        │   ├── operator: "="
        │   └── values
        │       └── 0: BinaryExpressionAST
        │           ├── left: NumberLiteralExpressionAST
        │           │   └── value: 1
        │           ├── operator: "+"
        │           └── right: NumberLiteralExpressionAST
        │               └── value: 1
        ├── 2: AssignmentStatementAST
        │   ├── targets
        │   │   └── 0: NameLiteralExpressionAST
        │   │       └── value: "x"
        │   ├── type: None
        │   ├── operator: "="
        │   └── values
        │       └── 0: BinaryExpressionAST
        │           ├── left: BinaryExpressionAST
        │           │   ├── left: NumberLiteralExpressionAST
        │           │   │   └── value: 1
        │           │   ├── operator: "-"
        │           │   └── right: NumberLiteralExpressionAST
        │           │       └── value: 1
        │           ├── operator: "-"
        │           └── right: NumberLiteralExpressionAST
        │               └── value: 1
        └── 3: AssignmentStatementAST
            ├── targets
            │   └── 0: NameLiteralExpressionAST
            │       └── value: "x"
            ├── type: None
            ├── operator: "="
            └── values
                └── 0: BinaryExpressionAST
                    ├── left: BinaryExpressionAST
                    │   ├── left: BinaryExpressionAST
                    │   │   ├── left: BinaryExpressionAST
                    │   │   │   ├── left: NumberLiteralExpressionAST
                    │   │   │   │   └── value: 1
                    │   │   │   ├── operator: "-"
                    │   │   │   └── right: NumberLiteralExpressionAST
                    │   │   │       └── value: 1
                    │   │   ├── operator: "+"
                    │   │   └── right: NumberLiteralExpressionAST
                    │   │       └── value: 1
                    │   ├── operator: "-"
                    │   └── right: NumberLiteralExpressionAST
                    │       └── value: 1
                    ├── operator: "+"
                    └── right: NumberLiteralExpressionAST
                        └── value: 1


--------------------------------------------------------------------------------
IR:
; ModuleID = '<string>'
source_filename = "<string>"
target triple = "unknown-unknown-unknown"

define i32 @main() {
entry:
  %x = alloca i32, align 4
  store i32 1, i32* %x, align 4
  %.3 = add i32 1, 1
  store i32 %.3, i32* %x, align 4
  %.5 = sub i32 1, 1
  %.6 = sub i32 %.5, 1
  store i32 %.6, i32* %x, align 4
  %.8 = sub i32 1, 1
  %.9 = add i32 %.8, 1
  %.10 = sub i32 %.9, 1
  %.11 = add i32 %.10, 1
  store i32 %.11, i32* %x, align 4
  ret i32 0
}
