Code with transformations:


--------------------------------------------------------------------------------
AST:
program
├── file: SourceFile
│   └── filename: "tests/testdata/language/empty.py"
└── statements: MultipleStatementAST
    └── statements


--------------------------------------------------------------------------------
IR:
; ModuleID = '<string>'
source_filename = "<string>"
target triple = "unknown-unknown-unknown"

define i32 @main() {
entry:
  ret i32 0
}
